// Jest Snapshot v1, https://goo.gl/fbAQLP

exports[`PullRequest snapshot test 1`] = `
<DocumentFragment>
  <li>
    <a
      class="block hover:bg-gray-50"
      href="/repos/<mock-value-for-field-\\"repository\\">/pull/<mock-value-for-field-\\"number\\">"
    >
      <div
        class="flex items-center px-4 py-4 sm:px-6"
      >
        <div
          class="min-w-0 flex-1 flex items-center"
        >
          <div
            class="flex-shrink-0"
          >
            <svg
              fill="none"
              height="24"
              stroke="currentColor"
              stroke-linecap="round"
              stroke-linejoin="round"
              stroke-width="2"
              viewBox="0 0 24 24"
              width="24"
              xmlns="http://www.w3.org/2000/svg"
            >
              <circle
                cx="18"
                cy="18"
                r="3"
              />
              <circle
                cx="6"
                cy="6"
                r="3"
              />
              <path
                d="M13 6h3a2 2 0 0 1 2 2v7"
              />
              <line
                x1="6"
                x2="6"
                y1="9"
                y2="21"
              />
            </svg>
          </div>
          <div
            class="min-w-0 flex-1 px-4 md:grid md:grid-cols-2 md:gap-4"
          >
            <div>
              <p
                class="text-sm font-medium truncate"
              >
                &lt;mock-value-for-field-"repository"&gt;#&lt;mock-value-for-field-"number"&gt;
              </p>
              <p
                class="mt-2 flex items-center text-sm text-gray-500"
                data-testid="pull-request-status"
              />
            </div>
          </div>
          <div>
            <svg
              fill="none"
              height="24"
              stroke="currentColor"
              stroke-linecap="round"
              stroke-linejoin="round"
              stroke-width="2"
              viewBox="0 0 24 24"
              width="24"
              xmlns="http://www.w3.org/2000/svg"
            >
              <polyline
                points="9 18 15 12 9 6"
              />
            </svg>
          </div>
        </div>
      </div>
    </a>
  </li>
</DocumentFragment>
`;
