// Jest Snapshot v1, https://goo.gl/fbAQLP

exports[`Repository snapshot test 1`] = `
<DocumentFragment>
  <div
    class="level box"
  >
    <div
      class="level-left code"
    >
      <div
        class="level-item"
      >
        <strong>
          &lt;mock-value-for-field-"owner"&gt;/&lt;mock-value-for-field-"name"&gt;
        </strong>
      </div>
    </div>
    <div
      class="level-right"
    >
      <div
        class="level-item"
      >
        <a
          class="button"
          href="/repos/<mock-value-for-field-\\"owner\\">/<mock-value-for-field-\\"name\\">"
          title="<mock-value-for-field-\\"owner\\">/<mock-value-for-field-\\"name\\">"
        >
          <svg
            fill="none"
            height="24"
            stroke="currentColor"
            stroke-linecap="round"
            stroke-linejoin="round"
            stroke-width="2"
            viewBox="0 0 24 24"
            width="24"
            xmlns="http://www.w3.org/2000/svg"
          >
            <circle
              cx="12"
              cy="12"
              r="1"
            />
            <circle
              cx="19"
              cy="12"
              r="1"
            />
            <circle
              cx="5"
              cy="12"
              r="1"
            />
          </svg>
        </a>
      </div>
    </div>
  </div>
</DocumentFragment>
`;
