// Jest Snapshot v1, https://goo.gl/fbAQLP

exports[`Reviewer snapshot test 1`] = `
<div
  className="level"
>
  <div
    className="level-left"
  >
    <div
      className="level-item"
    />
    <div
      className="level-item"
    >
      <strong
        data-testid="reviewer-login"
      >
        aergonaut
      </strong>
    </div>
    <div
      className="level-item"
      data-testid="review-rule-name"
    >
      Foo Review
    </div>
  </div>
</div>
`;
